
> gestora-internacional-backend@1.0.0 build
> tsc && prisma generate

src/routes/calendario.routes.ts(26,60): error TS2345: Argument of type '{ condominioId: string; fechaInicio: string; fechaFin: string; tipo: any; }' is not assignable to parameter of type 'string'.
src/routes/calendario.routes.ts(45,44): error TS2551: Property 'obtenerEventoPorId' does not exist on type 'CalendarioService'. Did you mean 'obtenerEventos'?
src/routes/calendario.routes.ts(90,29): error TS2339: Property 'eliminarEvento' does not exist on type 'CalendarioService'.
src/routes/calendario.routes.ts(105,45): error TS2339: Property 'obtenerProximosEventos' does not exist on type 'CalendarioService'.
src/routes/calendario.routes.ts(125,52): error TS2551: Property 'agregarRecordatorio' does not exist on type 'CalendarioService'. Did you mean 'crearRecordatorio'?
src/routes/documentos.routes.ts(67,7): error TS2353: Object literal may only specify known properties, and 'tipo' does not exist in type '{ condominioId?: string | undefined; categoria?: string | undefined; unidadId?: string | undefined; gastoId?: string | undefined; ingresoId?: string | undefined; etiqueta?: string | undefined; buscar?: string | undefined; publico?: boolean | undefined; }'.
src/routes/documentos.routes.ts(87,7): error TS2554: Expected 1 arguments, but got 3.
src/routes/documentos.routes.ts(165,60): error TS2339: Property 'obtenerUrlDescarga' does not exist on type 'DocumentosService'.
src/routes/documentos.routes.ts(186,46): error TS2339: Property 'obtenerCarpetas' does not exist on type 'DocumentosService'.
src/routes/documentos.routes.ts(200,45): error TS2339: Property 'crearCarpeta' does not exist on type 'DocumentosService'.
src/routes/documentos.routes.ts(215,47): error TS2339: Property 'compartirDocumento' does not exist on type 'DocumentosService'.
src/routes/personal.routes.ts(32,7): error TS2353: Object literal may only specify known properties, and 'organizacionId' does not exist in type '{ condominioId?: string | undefined; activo?: boolean | undefined; }'.
src/routes/personal.routes.ts(49,42): error TS2339: Property 'obtenerEmpleadoPorId' does not exist on type 'NominaService'.
src/routes/personal.routes.ts(63,42): error TS2339: Property 'crearEmpleado' does not exist on type 'NominaService'.
src/routes/personal.routes.ts(77,42): error TS2339: Property 'actualizarEmpleado' does not exist on type 'NominaService'.
src/routes/personal.routes.ts(92,42): error TS2339: Property 'desactivarEmpleado' does not exist on type 'NominaService'.
src/routes/personal.routes.ts(118,7): error TS2561: Object literal may only specify known properties, but 'pagado' does not exist in type '{ personalId?: string | undefined; condominioId?: string | undefined; periodo?: string | undefined; pagada?: boolean | undefined; }'. Did you mean to write 'pagada'?
src/routes/personal.routes.ts(133,41): error TS2339: Property 'obtenerNominasEmpleado' does not exist on type 'NominaService'.
src/routes/personal.routes.ts(148,41): error TS2339: Property 'generarNominaMensual' does not exist on type 'NominaService'.
src/routes/personal.routes.ts(188,40): error TS2554: Expected 2 arguments, but got 1.
src/routes/personal.routes.ts(203,41): error TS2339: Property 'obtenerReporteCostosLaborales' does not exist on type 'NominaService'.
src/routes/personal.routes.ts(220,37): error TS2339: Property 'generarComprobantePago' does not exist on type 'NominaService'.
src/routes/unidades.routes.ts(31,58): error TS2345: Argument of type '{ condominioId: string; tipo: any; estado: any; }' is not assignable to parameter of type 'string'.
src/routes/unidades.routes.ts(49,40): error TS2551: Property 'obtenerUnidadUsuario' does not exist on type 'UnidadService'. Did you mean 'obtenerUnidades'?
src/routes/unidades.routes.ts(106,40): error TS2339: Property 'asignarPropietario' does not exist on type 'UnidadService'.
src/routes/unidades.routes.ts(121,40): error TS2339: Property 'asignarInquilino' does not exist on type 'UnidadService'.
src/routes/unidades.routes.ts(170,45): error TS2339: Property 'actualizarDependiente' does not exist on type 'UnidadService'.
src/routes/unidades.routes.ts(219,42): error TS2551: Property 'agregarVehiculo' does not exist on type 'UnidadService'. Did you mean 'registrarVehiculo'?
src/routes/unidades.routes.ts(236,42): error TS2339: Property 'actualizarVehiculo' does not exist on type 'UnidadService'.
src/routes/unidades.routes.ts(270,44): error TS2554: Expected 2 arguments, but got 1.
src/services/admin/AdminService.ts(53,42): error TS2551: Property 'transaccionEstadoCuenta' does not exist on type 'PrismaClient<PrismaClientOptions, never, DefaultArgs>'. Did you mean 'transaccionCuenta'?
src/services/admin/AdminService.ts(75,36): error TS2339: Property 'cuentaContable' does not exist on type 'PrismaClient<PrismaClientOptions, never, DefaultArgs>'.
src/services/admin/AdminService.ts(79,39): error TS2339: Property 'secuenciaNCF' does not exist on type 'PrismaClient<PrismaClientOptions, never, DefaultArgs>'.
src/services/admin/AdminService.ts(143,18): error TS2353: Object literal may only specify known properties, and 'organizacionId' does not exist in type 'FacturaIAProcesadaWhereInput'.
src/services/admin/AdminService.ts(149,18): error TS2353: Object literal may only specify known properties, and 'organizacionId' does not exist in type 'CondominioWhereInput'.
src/services/admin/AdminService.ts(182,42): error TS2551: Property 'transaccionEstadoCuenta' does not exist on type 'PrismaClient<PrismaClientOptions, never, DefaultArgs>'. Did you mean 'transaccionCuenta'?
src/services/admin/AdminService.ts(198,18): error TS2353: Object literal may only specify known properties, and 'organizacionId' does not exist in type 'GastoWhereInput'.
src/services/admin/AdminService.ts(203,18): error TS2353: Object literal may only specify known properties, and 'organizacionId' does not exist in type 'IngresoWhereInput'.
src/services/admin/AdminService.ts(220,36): error TS2339: Property 'cuentaContable' does not exist on type 'PrismaClient<PrismaClientOptions, never, DefaultArgs>'.
src/services/admin/AdminService.ts(226,39): error TS2339: Property 'secuenciaNCF' does not exist on type 'PrismaClient<PrismaClientOptions, never, DefaultArgs>'.
src/services/admin/AdminService.ts(233,18): error TS2353: Object literal may only specify known properties, and 'organizacionId' does not exist in type 'CondominioWhereInput'.
src/services/admin/AdminService.ts(240,11): error TS2353: Object literal may only specify known properties, and 'organizacionId' does not exist in type 'UsuarioWhereInput'.
src/services/ai/FacturaIAService.ts(104,19): error TS2769: No overload matches this call.
  Overload 1 of 3, '(body: MessageCreateParamsNonStreaming, options?: RequestOptions<unknown> | undefined): APIPromise<Message>', gave the following error.
    Type '"image/jpeg" | "image/png" | "image/gif" | "image/webp" | "application/pdf"' is not assignable to type '"image/jpeg" | "image/png" | "image/gif" | "image/webp"'.
      Type '"application/pdf"' is not assignable to type '"image/jpeg" | "image/png" | "image/gif" | "image/webp"'.
  Overload 2 of 3, '(body: MessageCreateParamsStreaming, options?: RequestOptions<unknown> | undefined): APIPromise<Stream<RawMessageStreamEvent>>', gave the following error.
    Type '"image/jpeg" | "image/png" | "image/gif" | "image/webp" | "application/pdf"' is not assignable to type '"image/jpeg" | "image/png" | "image/gif" | "image/webp"'.
      Type '"application/pdf"' is not assignable to type '"image/jpeg" | "image/png" | "image/gif" | "image/webp"'.
  Overload 3 of 3, '(body: MessageCreateParamsBase, options?: RequestOptions<unknown> | undefined): APIPromise<Message | Stream<RawMessageStreamEvent>>', gave the following error.
    Type '"image/jpeg" | "image/png" | "image/gif" | "image/webp" | "application/pdf"' is not assignable to type '"image/jpeg" | "image/png" | "image/gif" | "image/webp"'.
      Type '"application/pdf"' is not assignable to type '"image/jpeg" | "image/png" | "image/gif" | "image/webp"'.
src/services/ai/FacturaIAService.ts(171,46): error TS2345: Argument of type 'DatosFacturaExtraidos | null' is not assignable to parameter of type 'DatosFacturaExtraidos'.
  Type 'null' is not assignable to type 'DatosFacturaExtraidos'.
src/services/ai/PrediccionIAService.ts(92,11): error TS2820: Type '"gastos_mensuales"' is not assignable to type 'TipoPrediccion'. Did you mean '"gasto_mensual"'?
src/services/ai/PrediccionIAService.ts(132,11): error TS2561: Object literal may only specify known properties, but 'unidad' does not exist in type 'EstadoCuentaWhereInput'. Did you mean to write 'unidadId'?
src/services/ai/PrediccionIAService.ts(140,11): error TS2353: Object literal may only specify known properties, and 'unidad' does not exist in type 'EstadoCuentaInclude<DefaultArgs>'.
src/services/ai/PrediccionIAService.ts(159,27): error TS2339: Property 'saldoFinal' does not exist on type '{ id: string; condominioId: string; fechaCreacion: Date; fechaActualizacion: Date; tipo: TipoEstadoCuenta; fechaInicio: Date; fechaFin: Date; ... 16 more ...; enviadoPorWhatsApp: boolean; }'.
src/services/ai/PrediccionIAService.ts(181,11): error TS2322: Type '"tasa_morosidad"' is not assignable to type 'TipoPrediccion'.
src/services/ai/PrediccionIAService.ts(415,53): error TS2339: Property 'rangoMaximo' does not exist on type '{ id: string; condominioId: string; fechaActualizacion: Date | null; tipo: TipoPrediccion; periodo: string; confianza: Decimal; valorPredicho: Decimal; ... 4 more ...; fechaPrediccion: Date; }'.
src/services/ai/PrediccionIAService.ts(452,22): error TS2353: Object literal may only specify known properties, and 'fechaIngreso' does not exist in type 'IngresoOrderByWithRelationInput | IngresoOrderByWithRelationInput[]'.
src/services/ai/PrediccionIAService.ts(457,13): error TS2561: Object literal may only specify known properties, but 'unidad' does not exist in type 'EstadoCuentaWhereInput'. Did you mean to write 'unidadId'?
src/services/ai/PrediccionIAService.ts(468,36): error TS2339: Property 'saldoFinal' does not exist on type '{ id: string; condominioId: string; fechaCreacion: Date; fechaActualizacion: Date; tipo: TipoEstadoCuenta; fechaInicio: Date; fechaFin: Date; ... 16 more ...; enviadoPorWhatsApp: boolean; }'.
src/services/aprobaciones/AprobacionesService.ts(71,38): error TS2339: Property 'notificarAdmins' does not exist on type 'NotificacionService'.
src/services/aprobaciones/AprobacionesService.ts(139,38): error TS2341: Property 'crearNotificacion' is private and only accessible within class 'NotificacionService'.
src/services/aprobaciones/AprobacionesService.ts(200,38): error TS2341: Property 'crearNotificacion' is private and only accessible within class 'NotificacionService'.
src/services/aprobaciones/AprobacionesService.ts(261,38): error TS2341: Property 'crearNotificacion' is private and only accessible within class 'NotificacionService'.
src/services/aprobaciones/AprobacionesService.ts(599,40): error TS2339: Property 'notificarAdmins' does not exist on type 'NotificacionService'.
src/services/areas/AreasComunesService.ts(69,11): error TS2353: Object literal may only specify known properties, and 'capacidadMaxima' does not exist in type 'Without<AreaComunCreateInput, AreaComunUncheckedCreateInput> & AreaComunUncheckedCreateInput'.
src/services/areas/AreasComunesService.ts(180,17): error TS2339: Property 'disponible' does not exist on type '{ id: string; condominioId: string; estado: EstadoAreaComun; metadata: JsonValue; nombre: string; fechaCreacion: Date; fechaActualizacion: Date; ... 15 more ...; fotos: JsonValue; }'.
src/services/areas/AreasComunesService.ts(190,30): error TS18047: 'area.anticipacionMinima' is possibly 'null'.
src/services/areas/AreasComunesService.ts(200,32): error TS2551: Property 'tiempoMinimoReserva' does not exist on type '{ id: string; condominioId: string; estado: EstadoAreaComun; metadata: JsonValue; nombre: string; fechaCreacion: Date; fechaActualizacion: Date; ... 15 more ...; fotos: JsonValue; }'. Did you mean 'tiempoMaximoReserva'?
src/services/areas/AreasComunesService.ts(202,45): error TS2551: Property 'tiempoMinimoReserva' does not exist on type '{ id: string; condominioId: string; estado: EstadoAreaComun; metadata: JsonValue; nombre: string; fechaCreacion: Date; fechaActualizacion: Date; ... 15 more ...; fotos: JsonValue; }'. Did you mean 'tiempoMaximoReserva'?
src/services/areas/AreasComunesService.ts(206,27): error TS18047: 'area.tiempoMaximoReserva' is possibly 'null'.
src/services/areas/AreasComunesService.ts(225,16): error TS2339: Property 'costoPorHora' does not exist on type '{ id: string; condominioId: string; estado: EstadoAreaComun; metadata: JsonValue; nombre: string; fechaCreacion: Date; fechaActualizacion: Date; ... 15 more ...; fotos: JsonValue; }'.
src/services/areas/AreasComunesService.ts(226,27): error TS2339: Property 'costoPorHora' does not exist on type '{ id: string; condominioId: string; estado: EstadoAreaComun; metadata: JsonValue; nombre: string; fechaCreacion: Date; fechaActualizacion: Date; ... 15 more ...; fotos: JsonValue; }'.
src/services/areas/AreasComunesService.ts(230,27): error TS2339: Property 'requiereAprobacion' does not exist on type '{ id: string; condominioId: string; estado: EstadoAreaComun; metadata: JsonValue; nombre: string; fechaCreacion: Date; fechaActualizacion: Date; ... 15 more ...; fotos: JsonValue; }'.
src/services/areas/AreasComunesService.ts(237,11): error TS2353: Object literal may only specify known properties, and 'fechaInicio' does not exist in type 'Without<ReservaAreaCreateInput, ReservaAreaUncheckedCreateInput> & ReservaAreaUncheckedCreateInput'.
src/services/areas/AreasComunesService.ts(249,15): error TS2353: Object literal may only specify known properties, and 'propietario' does not exist in type 'UnidadInclude<DefaultArgs>'.
src/services/areas/AreasComunesService.ts(353,15): error TS2353: Object literal may only specify known properties, and 'propietario' does not exist in type 'UnidadInclude<DefaultArgs>'.
src/services/areas/AreasComunesService.ts(358,11): error TS2353: Object literal may only specify known properties, and 'fechaInicio' does not exist in type 'ReservaAreaOrderByWithRelationInput | ReservaAreaOrderByWithRelationInput[]'.
src/services/areas/AreasComunesService.ts(381,11): error TS2353: Object literal may only specify known properties, and 'aprobadoPor' does not exist in type '(Without<ReservaAreaUpdateInput, ReservaAreaUncheckedUpdateInput> & ReservaAreaUncheckedUpdateInput) | (Without<...> & ReservaAreaUpdateInput)'.
src/services/areas/AreasComunesService.ts(500,11): error TS2353: Object literal may only specify known properties, and 'fechaInicio' does not exist in type 'ReservaAreaWhereInput'.
src/services/areas/AreasComunesService.ts(506,11): error TS2353: Object literal may only specify known properties, and 'fechaInicio' does not exist in type 'ReservaAreaOrderByWithRelationInput | ReservaAreaOrderByWithRelationInput[]'.
src/services/areas/AreasComunesService.ts(522,34): error TS2339: Property 'fechaInicio' does not exist on type '{ id: string; estado: EstadoReserva; notas: string | null; usuarioId: string; fechaActualizacion: Date; horaInicio: string; horaFin: string; tipoEvento: string | null; ... 9 more ...; canceladoPor: string | null; }'.
src/services/areas/AreasComunesService.ts(532,26): error TS2551: Property 'horarioApertura' does not exist on type '{ id: string; condominioId: string; estado: EstadoAreaComun; metadata: JsonValue; nombre: string; fechaCreacion: Date; fechaActualizacion: Date; ... 15 more ...; fotos: JsonValue; }'. Did you mean 'horaApertura'?
src/services/areas/AreasComunesService.ts(533,23): error TS2551: Property 'horarioCierre' does not exist on type '{ id: string; condominioId: string; estado: EstadoAreaComun; metadata: JsonValue; nombre: string; fechaCreacion: Date; fechaActualizacion: Date; ... 15 more ...; fotos: JsonValue; }'. Did you mean 'horaCierre'?
src/services/areas/AreasComunesService.ts(577,11): error TS2353: Object literal may only specify known properties, and 'fechaInicio' does not exist in type 'ReservaAreaWhereInput'.
src/services/areas/AreasComunesService.ts(597,36): error TS2339: Property 'area' does not exist on type '{ id: string; estado: EstadoReserva; notas: string | null; usuarioId: string; fechaActualizacion: Date; horaInicio: string; horaFin: string; tipoEvento: string | null; ... 9 more ...; canceladoPor: string | null; }'.
src/services/areas/AreasComunesService.ts(599,20): error TS2339: Property 'fechaFin' does not exist on type '{ id: string; estado: EstadoReserva; notas: string | null; usuarioId: string; fechaActualizacion: Date; horaInicio: string; horaFin: string; tipoEvento: string | null; ... 9 more ...; canceladoPor: string | null; }'.
src/services/areas/AreasComunesService.ts(599,49): error TS2339: Property 'fechaInicio' does not exist on type '{ id: string; estado: EstadoReserva; notas: string | null; usuarioId: string; fechaActualizacion: Date; horaInicio: string; horaFin: string; tipoEvento: string | null; ... 9 more ...; canceladoPor: string | null; }'.
src/services/areas/AreasComunesService.ts(613,49): error TS2339: Property 'costoTotal' does not exist on type '{ id: string; estado: EstadoReserva; notas: string | null; usuarioId: string; fechaActualizacion: Date; horaInicio: string; horaFin: string; tipoEvento: string | null; ... 9 more ...; canceladoPor: string | null; }'.
src/services/calendario/CalendarioService.ts(66,11): error TS2353: Object literal may only specify known properties, and 'organizador' does not exist in type 'Without<CalendarioEventoCreateInput, CalendarioEventoUncheckedCreateInput> & CalendarioEventoUncheckedCreateInput'.
src/services/calendario/CalendarioService.ts(212,11): error TS2353: Object literal may only specify known properties, and 'activo' does not exist in type '(Without<CalendarioEventoUpdateInput, CalendarioEventoUncheckedUpdateInput> & CalendarioEventoUncheckedUpdateInput) | (Without<...> & CalendarioEventoUpdateInput)'.
src/services/calendario/CalendarioService.ts(254,11): error TS2353: Object literal may only specify known properties, and 'usuarioId' does not exist in type 'Without<RecordatorioCreateInput, RecordatorioUncheckedCreateInput> & RecordatorioUncheckedCreateInput'.
src/services/calendario/CalendarioService.ts(287,13): error TS2353: Object literal may only specify known properties, and 'activo' does not exist in type '(Without<CalendarioEventoRelationFilter, CalendarioEventoWhereInput> & CalendarioEventoWhereInput) | (Without<...> & CalendarioEventoRelationFilter)'.
src/services/calendario/CalendarioService.ts(318,11): error TS2561: Object literal may only specify known properties, but 'fechaEnvioReal' does not exist in type '(Without<RecordatorioUpdateInput, RecordatorioUncheckedUpdateInput> & RecordatorioUncheckedUpdateInput) | (Without<...> & RecordatorioUpdateInput)'. Did you mean to write 'fechaEnvio'?
src/services/calendario/CalendarioService.ts(342,40): error TS2339: Property 'mensaje' does not exist on type '{ id: string; fechaCreacion: Date; fechaEnvio: Date | null; enviado: boolean; eventoId: string; canal: CanalRecordatorio; minutosAntes: number; }'.
src/services/calendario/CalendarioService.ts(343,43): error TS2551: Property 'evento' does not exist on type '{ id: string; fechaCreacion: Date; fechaEnvio: Date | null; enviado: boolean; eventoId: string; canal: CanalRecordatorio; minutosAntes: number; }'. Did you mean 'eventoId'?
src/services/calendario/CalendarioService.ts(343,75): error TS2551: Property 'evento' does not exist on type '{ id: string; fechaCreacion: Date; fechaEnvio: Date | null; enviado: boolean; eventoId: string; canal: CanalRecordatorio; minutosAntes: number; }'. Did you mean 'eventoId'?
src/services/calendario/CalendarioService.ts(438,44): error TS2339: Property 'activo' does not exist on type '{ id: string; condominioId: string; metadata: JsonValue; fechaCreacion: Date; fechaActualizacion: Date; tipo: TipoEventoCalendario; titulo: string; ... 7 more ...; unidadesInvitadas: JsonValue; }'.
src/services/calendario/CalendarioService.ts(443,16): error TS18047: 'e.fechaFin' is possibly 'null'.
src/services/citas/CitasService.ts(389,38): error TS2339: Property 'notificarAdmins' does not exist on type 'NotificacionService'.
src/services/citas/CitasService.ts(455,38): error TS2341: Property 'crearNotificacion' is private and only accessible within class 'NotificacionService'.
src/services/citas/CitasService.ts(565,38): error TS2341: Property 'crearNotificacion' is private and only accessible within class 'NotificacionService'.
src/services/citas/CitasService.ts(619,38): error TS2341: Property 'crearNotificacion' is private and only accessible within class 'NotificacionService'.
src/services/contabilidad/ContabilidadService.ts(135,34): error TS2365: Operator '+' cannot be applied to types 'bigint' and '1'.
src/services/contabilidad/ContabilidadService.ts(171,11): error TS2322: Type 'string' is not assignable to type 'TipoCuenta'.
src/services/contabilidad/ContabilidadService.ts(257,11): error TS2322: Type 'string' is not assignable to type 'FormaPago'.
src/services/contabilidad/ContabilidadService.ts(304,11): error TS2353: Object literal may only specify known properties, and 'activa' does not exist in type 'UnidadWhereInput'.
src/services/contabilidad/ContabilidadService.ts(321,13): error TS2353: Object literal may only specify known properties, and 'porcentaje' does not exist in type 'Without<DistribucionGastoCreateInput, DistribucionGastoUncheckedCreateInput> & DistribucionGastoUncheckedCreateInput'.
src/services/contabilidad/ContabilidadService.ts(379,11): error TS2561: Object literal may only specify known properties, but 'distribuciones' does not exist in type 'GastoInclude<DefaultArgs>'. Did you mean to write 'distribucion'?
src/services/contabilidad/ContabilidadService.ts(431,11): error TS2353: Object literal may only specify known properties, and 'organizacionId' does not exist in type 'Without<IngresoCreateInput, IngresoUncheckedCreateInput> & IngresoUncheckedCreateInput'.
src/services/contabilidad/ContabilidadService.ts(445,11): error TS2353: Object literal may only specify known properties, and 'unidad' does not exist in type 'IngresoInclude<DefaultArgs>'.
src/services/contabilidad/ContabilidadService.ts(494,11): error TS2353: Object literal may only specify known properties, and 'unidad' does not exist in type 'IngresoInclude<DefaultArgs>'.
src/services/contabilidad/ContabilidadService.ts(497,11): error TS2353: Object literal may only specify known properties, and 'fechaIngreso' does not exist in type 'IngresoOrderByWithRelationInput | IngresoOrderByWithRelationInput[]'.
src/services/contabilidad/ContabilidadService.ts(529,13): error TS2353: Object literal may only specify known properties, and 'fechaIngreso' does not exist in type 'IngresoWhereInput'.
src/services/contabilidad/ContabilidadService.ts(552,36): error TS18048: 'ingresos._sum' is possibly 'undefined'.
src/services/contabilidad/EstadosCuentaService.ts(79,42): error TS2339: Property 'saldoFinal' does not exist on type '{ id: string; condominioId: string; fechaCreacion: Date; fechaActualizacion: Date; tipo: TipoEstadoCuenta; fechaInicio: Date; fechaFin: Date; ... 16 more ...; enviadoPorWhatsApp: boolean; }'.
src/services/contabilidad/EstadosCuentaService.ts(89,11): error TS2353: Object literal may only specify known properties, and 'totalAbonos' does not exist in type '(Without<EstadoCuentaCreateInput, EstadoCuentaUncheckedCreateInput> & EstadoCuentaUncheckedCreateInput) | (Without<...> & EstadoCuentaCreateInput)'.
src/services/contabilidad/EstadosCuentaService.ts(94,11): error TS2353: Object literal may only specify known properties, and 'unidad' does not exist in type 'EstadoCuentaInclude<DefaultArgs>'.
src/services/contabilidad/EstadosCuentaService.ts(122,11): error TS2322: Type '"cargo" | "abono"' is not assignable to type 'TipoTransaccion'.
  Type '"abono"' is not assignable to type 'TipoTransaccion'.
src/services/contabilidad/EstadosCuentaService.ts(163,13): error TS2322: Type '"abono"' is not assignable to type 'TipoTransaccion | EnumTipoTransaccionFilter<"TransaccionCuenta"> | undefined'.
src/services/contabilidad/EstadosCuentaService.ts(172,27): error TS18048: 'abonos._sum' is possibly 'undefined'.
src/services/contabilidad/EstadosCuentaService.ts(191,11): error TS2353: Object literal may only specify known properties, and 'totalAbonos' does not exist in type '(Without<EstadoCuentaUpdateInput, EstadoCuentaUncheckedUpdateInput> & EstadoCuentaUncheckedUpdateInput) | (Without<...> & EstadoCuentaUpdateInput)'.
src/services/contabilidad/EstadosCuentaService.ts(270,15): error TS2353: Object literal may only specify known properties, and 'gastoId' does not exist in type 'TransaccionCuentaWhereInput'.
src/services/contabilidad/EstadosCuentaService.ts(279,92): error TS2339: Property 'porcentaje' does not exist on type '{ unidad: { id: string; condominioId: string; estado: EstadoUnidad; notas: string | null; metadata: JsonValue; fechaCreacion: Date; fechaActualizacion: Date; ... 12 more ...; emailContacto: string | null; }; gasto: { ...; } & { ...; }; } & { ...; }'.
src/services/contabilidad/EstadosCuentaService.ts(280,34): error TS2339: Property 'montoDistribuido' does not exist on type '{ unidad: { id: string; condominioId: string; estado: EstadoUnidad; notas: string | null; metadata: JsonValue; fechaCreacion: Date; fechaActualizacion: Date; ... 12 more ...; emailContacto: string | null; }; gasto: { ...; } & { ...; }; } & { ...; }'.
src/services/contabilidad/EstadosCuentaService.ts(368,15): error TS2353: Object literal may only specify known properties, and 'gasto' does not exist in type 'TransaccionCuentaInclude<DefaultArgs>'.
src/services/contabilidad/EstadosCuentaService.ts(392,11): error TS2353: Object literal may only specify known properties, and 'unidad' does not exist in type 'EstadoCuentaInclude<DefaultArgs>'.
src/services/contabilidad/EstadosCuentaService.ts(445,11): error TS2353: Object literal may only specify known properties, and 'unidad' does not exist in type 'EstadoCuentaInclude<DefaultArgs>'.
src/services/contabilidad/EstadosCuentaService.ts(452,13): error TS2561: Object literal may only specify known properties, but 'unidad' does not exist in type 'EstadoCuentaOrderByWithRelationInput'. Did you mean to write 'unidadId'?
src/services/contabilidad/EstadosCuentaService.ts(475,34): error TS2551: Property 'unidad' does not exist on type '{ id: string; condominioId: string; fechaCreacion: Date; fechaActualizacion: Date; tipo: TipoEstadoCuenta; fechaInicio: Date; fechaFin: Date; ... 16 more ...; enviadoPorWhatsApp: boolean; }'. Did you mean 'unidadId'?
src/services/contabilidad/EstadosCuentaService.ts(476,33): error TS2551: Property 'unidad' does not exist on type '{ id: string; condominioId: string; fechaCreacion: Date; fechaActualizacion: Date; tipo: TipoEstadoCuenta; fechaInicio: Date; fechaFin: Date; ... 16 more ...; enviadoPorWhatsApp: boolean; }'. Did you mean 'unidadId'?
src/services/contabilidad/EstadosCuentaService.ts(483,48): error TS2339: Property 'saldoFinal' does not exist on type '{ id: string; condominioId: string; fechaCreacion: Date; fechaActualizacion: Date; tipo: TipoEstadoCuenta; fechaInicio: Date; fechaFin: Date; ... 16 more ...; enviadoPorWhatsApp: boolean; }'.
src/services/contabilidad/EstadosCuentaService.ts(515,11): error TS2561: Object literal may only specify known properties, but 'unidad' does not exist in type 'EstadoCuentaWhereInput'. Did you mean to write 'unidadId'?
src/services/contabilidad/EstadosCuentaService.ts(521,11): error TS2353: Object literal may only specify known properties, and 'unidad' does not exist in type 'EstadoCuentaInclude<DefaultArgs>'.
src/services/contabilidad/EstadosCuentaService.ts(531,36): error TS2339: Property 'totalAbonos' does not exist on type '{ id: string; condominioId: string; fechaCreacion: Date; fechaActualizacion: Date; tipo: TipoEstadoCuenta; fechaInicio: Date; fechaFin: Date; ... 16 more ...; enviadoPorWhatsApp: boolean; }'.
src/services/contabilidad/EstadosCuentaService.ts(535,36): error TS2339: Property 'saldoFinal' does not exist on type '{ id: string; condominioId: string; fechaCreacion: Date; fechaActualizacion: Date; tipo: TipoEstadoCuenta; fechaInicio: Date; fechaFin: Date; ... 16 more ...; enviadoPorWhatsApp: boolean; }'.
src/services/contabilidad/EstadosCuentaService.ts(541,25): error TS2339: Property 'saldoFinal' does not exist on type '{ id: string; condominioId: string; fechaCreacion: Date; fechaActualizacion: Date; tipo: TipoEstadoCuenta; fechaInicio: Date; fechaFin: Date; ... 16 more ...; enviadoPorWhatsApp: boolean; }'.
src/services/contabilidad/EstadosCuentaService.ts(544,25): error TS2339: Property 'saldoFinal' does not exist on type '{ id: string; condominioId: string; fechaCreacion: Date; fechaActualizacion: Date; tipo: TipoEstadoCuenta; fechaInicio: Date; fechaFin: Date; ... 16 more ...; enviadoPorWhatsApp: boolean; }'.
src/services/cron/CronService.ts(26,29): error TS2503: Cannot find namespace 'cron'.
src/services/cron/CronService.ts(143,9): error TS2353: Object literal may only specify known properties, and 'scheduled' does not exist in type 'TaskOptions'.
src/services/documentos/DocumentosService.ts(70,11): error TS2353: Object literal may only specify known properties, and 'categoria' does not exist in type 'Without<DocumentoCreateInput, DocumentoUncheckedCreateInput> & DocumentoUncheckedCreateInput'.
src/services/documentos/DocumentosService.ts(85,11): error TS2353: Object literal may only specify known properties, and 'unidad' does not exist in type 'DocumentoInclude<DefaultArgs>'.
src/services/documentos/DocumentosService.ts(155,11): error TS2353: Object literal may only specify known properties, and 'unidad' does not exist in type 'DocumentoInclude<DefaultArgs>'.
src/services/documentos/DocumentosService.ts(178,11): error TS2353: Object literal may only specify known properties, and 'unidad' does not exist in type 'DocumentoInclude<DefaultArgs>'.
src/services/documentos/DocumentosService.ts(232,35): error TS2339: Property 'archivo' does not exist on type '{ id: string; condominioId: string; metadata: JsonValue; nombre: string; tipo: TipoDocumento; descripcion: string | null; url: string; esPublico: boolean; nombreArchivo: string; ... 6 more ...; fechaSubida: Date; }'.
src/services/documentos/DocumentosService.ts(233,60): error TS2339: Property 'archivo' does not exist on type '{ id: string; condominioId: string; metadata: JsonValue; nombre: string; tipo: TipoDocumento; descripcion: string | null; url: string; esPublico: boolean; nombreArchivo: string; ... 6 more ...; fechaSubida: Date; }'.
src/services/documentos/DocumentosService.ts(257,19): error TS2353: Object literal may only specify known properties, and 'categoria' does not exist in type 'DocumentoSelect<DefaultArgs>'.
src/services/documentos/DocumentosService.ts(258,20): error TS2322: Type '"categoria"' is not assignable to type 'DocumentoScalarFieldEnum'.
src/services/documentos/DocumentosService.ts(261,38): error TS2339: Property 'categoria' does not exist on type '{ id: string; condominioId: string; metadata: JsonValue; nombre: string; tipo: TipoDocumento; descripcion: string | null; url: string; esPublico: boolean; nombreArchivo: string; ... 6 more ...; fechaSubida: Date; }'.
src/services/documentos/DocumentosService.ts(281,25): error TS2339: Property 'forEach' does not exist on type 'string | number | true | JsonObject | JsonArray'.
  Property 'forEach' does not exist on type 'string'.
src/services/documentos/DocumentosService.ts(281,34): error TS7006: Parameter 'etiqueta' implicitly has an 'any' type.
src/services/documentos/DocumentosService.ts(300,11): error TS2353: Object literal may only specify known properties, and 'descargas' does not exist in type '(Without<DocumentoUpdateInput, DocumentoUncheckedUpdateInput> & DocumentoUncheckedUpdateInput) | (Without<...> & DocumentoUpdateInput)'.
src/services/documentos/DocumentosService.ts(334,23): error TS2365: Operator '+' cannot be applied to types 'number' and 'bigint'.
src/services/documentos/DocumentosService.ts(342,31): error TS2339: Property 'categoria' does not exist on type '{ id: string; condominioId: string; metadata: JsonValue; nombre: string; tipo: TipoDocumento; descripcion: string | null; url: string; esPublico: boolean; nombreArchivo: string; ... 6 more ...; fechaSubida: Date; }'.
src/services/documentos/DocumentosService.ts(349,27): error TS2339: Property 'descargas' does not exist on type '{ id: string; condominioId: string; metadata: JsonValue; nombre: string; tipo: TipoDocumento; descripcion: string | null; url: string; esPublico: boolean; nombreArchivo: string; ... 6 more ...; fechaSubida: Date; }'.
src/services/documentos/DocumentosService.ts(349,41): error TS2339: Property 'descargas' does not exist on type '{ id: string; condominioId: string; metadata: JsonValue; nombre: string; tipo: TipoDocumento; descripcion: string | null; url: string; esPublico: boolean; nombreArchivo: string; ... 6 more ...; fechaSubida: Date; }'.
src/services/documentos/DocumentosService.ts(353,26): error TS2339: Property 'categoria' does not exist on type '{ id: string; condominioId: string; metadata: JsonValue; nombre: string; tipo: TipoDocumento; descripcion: string | null; url: string; esPublico: boolean; nombreArchivo: string; ... 6 more ...; fechaSubida: Date; }'.
src/services/documentos/DocumentosService.ts(354,26): error TS2339: Property 'descargas' does not exist on type '{ id: string; condominioId: string; metadata: JsonValue; nombre: string; tipo: TipoDocumento; descripcion: string | null; url: string; esPublico: boolean; nombreArchivo: string; ... 6 more ...; fechaSubida: Date; }'.
src/services/documentos/DocumentosService.ts(396,11): error TS2561: Object literal may only specify known properties, but 'publico' does not exist in type 'DocumentoWhereInput'. Did you mean to write 'esPublico'?
src/services/email/EmailNotificationService.ts(454,20): error TS2339: Property 'from' does not exist on type 'EmailNotificationService'.
src/services/encuestas/EncuestaSatisfaccionService.ts(69,9): error TS2322: Type '{ casoId: string; descripcion: string; metadata: { tipo: string; encuestaId: string; enviarPorWhatsApp: boolean; enviarPorEmail: boolean; }; }' is not assignable to type '(Without<TimelineEventoCreateInput, TimelineEventoUncheckedCreateInput> & TimelineEventoUncheckedCreateInput) | (Without<...> & TimelineEventoCreateInput)'.
  Type '{ casoId: string; descripcion: string; metadata: { tipo: string; encuestaId: string; enviarPorWhatsApp: boolean; enviarPorEmail: boolean; }; }' is not assignable to type 'Without<TimelineEventoCreateInput, TimelineEventoUncheckedCreateInput> & TimelineEventoUncheckedCreateInput'.
    Type '{ casoId: string; descripcion: string; metadata: { tipo: string; encuestaId: string; enviarPorWhatsApp: boolean; enviarPorEmail: boolean; }; }' is missing the following properties from type 'TimelineEventoUncheckedCreateInput': tipoEvento, titulo
src/services/encuestas/EncuestaSatisfaccionService.ts(147,9): error TS2322: Type '{ casoId: string; descripcion: string; metadata: { tipo: string; encuestaId: string; actitudIngeniero: number; rapidezReparacion: number; calidadServicio: number; promedioGeneral: number; comentarios: string | undefined; }; }' is not assignable to type '(Without<TimelineEventoCreateInput, TimelineEventoUncheckedCreateInput> & TimelineEventoUncheckedCreateInput) | (Without<...> & TimelineEventoCreateInput)'.
  Type '{ casoId: string; descripcion: string; metadata: { tipo: string; encuestaId: string; actitudIngeniero: number; rapidezReparacion: number; calidadServicio: number; promedioGeneral: number; comentarios: string | undefined; }; }' is not assignable to type 'Without<TimelineEventoCreateInput, TimelineEventoUncheckedCreateInput> & TimelineEventoUncheckedCreateInput'.
    Type '{ casoId: string; descripcion: string; metadata: { tipo: string; encuestaId: string; actitudIngeniero: number; rapidezReparacion: number; calidadServicio: number; promedioGeneral: number; comentarios: string | undefined; }; }' is missing the following properties from type 'TimelineEventoUncheckedCreateInput': tipoEvento, titulo
src/services/import/ExcelImportService.ts(105,15): error TS2322: Type '{ nombre: any; direccion: string; estado: "activo"; }' is not assignable to type '(Without<CondominioCreateInput, CondominioUncheckedCreateInput> & CondominioUncheckedCreateInput) | (Without<...> & CondominioCreateInput)'.
  Type '{ nombre: any; direccion: string; estado: "activo"; }' is not assignable to type 'Without<CondominioUncheckedCreateInput, CondominioCreateInput> & CondominioCreateInput'.
    Type '{ nombre: any; direccion: string; estado: "activo"; }' is missing the following properties from type 'CondominioCreateInput': ciudad, provincia, totalUnidades
src/services/import/ExcelImportService.ts(211,15): error TS2353: Object literal may only specify known properties, and 'especialidad' does not exist in type '(Without<UsuarioCreateInput, UsuarioUncheckedCreateInput> & UsuarioUncheckedCreateInput) | (Without<...> & UsuarioCreateInput)'.
src/services/import/ExcelImportService.ts(318,22): error TS2353: Object literal may only specify known properties, and 'codigoUnico' does not exist in type 'CasoWhereInput'.
src/services/import/ExcelImportService.ts(319,24): error TS2353: Object literal may only specify known properties, and 'createdAt' does not exist in type 'CasoOrderByWithRelationInput | CasoOrderByWithRelationInput[]'.
src/services/import/ExcelImportService.ts(323,27): error TS2339: Property 'codigoUnico' does not exist on type '{ unidad: string; id: string; condominioId: string; estado: EstadoCaso; metadata: JsonValue; usuarioId: string; fechaCreacion: Date; tipo: TipoCaso; ... 19 more ...; costoReal: Decimal | null; }'.
src/services/import/ExcelImportService.ts(324,38): error TS2339: Property 'codigoUnico' does not exist on type '{ unidad: string; id: string; condominioId: string; estado: EstadoCaso; metadata: JsonValue; usuarioId: string; fechaCreacion: Date; tipo: TipoCaso; ... 19 more ...; costoReal: Decimal | null; }'.
src/services/import/ExcelImportService.ts(339,15): error TS2322: Type 'string' is not assignable to type 'CategoriaCaso'.
src/services/import/ExcelImportService.ts(348,49): error TS2339: Property 'codigoUnico' does not exist on type '{ unidad: string; id: string; condominioId: string; estado: EstadoCaso; metadata: JsonValue; usuarioId: string; fechaCreacion: Date; tipo: TipoCaso; ... 19 more ...; costoReal: Decimal | null; }'.
src/services/index.ts(80,14): error TS2304: Cannot find name 'ProveedorService'.
src/services/index.ts(81,17): error TS2304: Cannot find name 'ContabilidadService'.
src/services/index.ts(82,18): error TS2304: Cannot find name 'EstadosCuentaService'.
src/services/index.ts(83,14): error TS2304: Cannot find name 'FacturaIAService'.
src/services/index.ts(84,17): error TS2304: Cannot find name 'PrediccionIAService'.
src/services/index.ts(85,11): error TS2304: Cannot find name 'NominaService'.
src/services/index.ts(86,11): error TS2304: Cannot find name 'UnidadService'.
src/services/index.ts(87,17): error TS2304: Cannot find name 'AreasComunesService'.
src/services/index.ts(88,12): error TS2304: Cannot find name 'VisitasService'.
src/services/index.ts(89,15): error TS2304: Cannot find name 'CalendarioService'.
src/services/index.ts(90,15): error TS2304: Cannot find name 'DocumentosService'.
src/services/multimedia/MultimediaService.ts(201,9): error TS2322: Type 'number | null | undefined' is not assignable to type 'number | undefined'.
  Type 'null' is not assignable to type 'number | undefined'.
src/services/pdf/PDFReportService.ts(136,58): error TS2345: Argument of type '(value: unknown) => void' is not assignable to parameter of type '() => void'.
  Target signature provides too few arguments. Expected 1 or more, but got 0.
src/services/pdf/PDFReportService.ts(266,58): error TS2345: Argument of type '(value: unknown) => void' is not assignable to parameter of type '() => void'.
  Target signature provides too few arguments. Expected 1 or more, but got 0.
src/services/pdf/PDFReportService.ts(357,58): error TS2345: Argument of type '(value: unknown) => void' is not assignable to parameter of type '() => void'.
  Target signature provides too few arguments. Expected 1 or more, but got 0.
src/services/rrhh/NominaService.ts(202,11): error TS2561: Object literal may only specify known properties, but 'horasExtras' does not exist in type 'Without<NominaCreateInput, NominaUncheckedCreateInput> & NominaUncheckedCreateInput'. Did you mean to write 'horasExtra'?
src/services/rrhh/NominaService.ts(242,11): error TS2353: Object literal may only specify known properties, and 'condominioId' does not exist in type 'PersonalWhereInput'.
src/services/rrhh/NominaService.ts(258,42): error TS2339: Property 'salario' does not exist on type '{ id: string; nombreCompleto: string; telefono: string; email: string | null; estado: EstadoPersonal; metadata: JsonValue; fechaRegistro: Date; direccion: string | null; ... 12 more ...; fotoUrl: string | null; }'.
src/services/rrhh/NominaService.ts(306,15): error TS2353: Object literal may only specify known properties, and 'condominio' does not exist in type 'PersonalInclude<DefaultArgs>'.
src/services/rrhh/NominaService.ts(310,54): error TS2353: Object literal may only specify known properties, and 'nombre' does not exist in type 'PersonalOrderByWithRelationInput'.
src/services/rrhh/NominaService.ts(328,11): error TS2561: Object literal may only specify known properties, but 'pagada' does not exist in type '(Without<NominaUpdateInput, NominaUncheckedUpdateInput> & NominaUncheckedUpdateInput) | (Without<...> & NominaUpdateInput)'. Did you mean to write 'pagado'?
src/services/rrhh/NominaService.ts(373,24): error TS2551: Property 'personal' does not exist on type '{ id: string; notas: string | null; metadata: JsonValue; fechaCreacion: Date; periodo: string; fechaPago: Date; pagado: boolean; creadoPor: string; personalId: string; ... 9 more ...; salarioNeto: Decimal; }'. Did you mean 'personalId'?
src/services/rrhh/NominaService.ts(374,24): error TS2551: Property 'personal' does not exist on type '{ id: string; notas: string | null; metadata: JsonValue; fechaCreacion: Date; periodo: string; fechaPago: Date; pagado: boolean; creadoPor: string; personalId: string; ... 9 more ...; salarioNeto: Decimal; }'. Did you mean 'personalId'?
src/services/rrhh/NominaService.ts(380,36): error TS2339: Property 'ingresoTotal' does not exist on type '{ id: string; notas: string | null; metadata: JsonValue; fechaCreacion: Date; periodo: string; fechaPago: Date; pagado: boolean; creadoPor: string; personalId: string; ... 9 more ...; salarioNeto: Decimal; }'.
src/services/rrhh/NominaService.ts(449,11): error TS2322: Type 'string | undefined' is not assignable to type 'string'.
  Type 'undefined' is not assignable to type 'string'.
src/services/rrhh/NominaService.ts(486,11): error TS2353: Object literal may only specify known properties, and 'condominio' does not exist in type 'PersonalInclude<DefaultArgs>'.
src/services/rrhh/NominaService.ts(493,11): error TS2353: Object literal may only specify known properties, and 'nombre' does not exist in type 'PersonalOrderByWithRelationInput | PersonalOrderByWithRelationInput[]'.
src/services/seguimiento/SeguimientoAutomaticoService.ts(45,25): error TS2673: Constructor of class 'EmailNotificationService' is private and only accessible within the class declaration.
src/services/seguimiento/SeguimientoCompletoService.ts(90,22): error TS2820: Type '"programada"' is not assignable to type 'EnumEstadoCitaFilter<"Cita"> | EstadoCita | undefined'. Did you mean '"reprogramada"'?
src/services/seguimiento/SeguimientoCompletoService.ts(91,24): error TS2353: Object literal may only specify known properties, and 'fechaHora' does not exist in type 'CitaOrderByWithRelationInput | CitaOrderByWithRelationInput[]'.
src/services/seguimiento/SeguimientoCompletoService.ts(97,26): error TS2551: Property 'tecnicoAsignado' does not exist on type '{ unidad: string; id: string; condominioId: string; estado: EstadoCaso; metadata: JsonValue; usuarioId: string; fechaCreacion: Date; tipo: TipoCaso; ... 19 more ...; costoReal: Decimal | null; }'. Did you mean 'tecnicoAsignadoId'?
src/services/seguimiento/SeguimientoCompletoService.ts(102,28): error TS2551: Property 'tecnicoAsignado' does not exist on type '{ unidad: string; id: string; condominioId: string; estado: EstadoCaso; metadata: JsonValue; usuarioId: string; fechaCreacion: Date; tipo: TipoCaso; ... 19 more ...; costoReal: Decimal | null; }'. Did you mean 'tecnicoAsignadoId'?
src/services/seguimiento/SeguimientoCompletoService.ts(103,25): error TS2339: Property 'citas' does not exist on type '{ unidad: string; id: string; condominioId: string; estado: EstadoCaso; metadata: JsonValue; usuarioId: string; fechaCreacion: Date; tipo: TipoCaso; ... 19 more ...; costoReal: Decimal | null; }'.
src/services/seguimiento/SeguimientoCompletoService.ts(129,26): error TS2551: Property 'usuario' does not exist on type '{ unidad: string; id: string; condominioId: string; estado: EstadoCaso; metadata: JsonValue; usuarioId: string; fechaCreacion: Date; tipo: TipoCaso; ... 19 more ...; costoReal: Decimal | null; }'. Did you mean 'usuarioId'?
src/services/seguimiento/SeguimientoCompletoService.ts(130,24): error TS2551: Property 'condominio' does not exist on type '{ unidad: string; id: string; condominioId: string; estado: EstadoCaso; metadata: JsonValue; usuarioId: string; fechaCreacion: Date; tipo: TipoCaso; ... 19 more ...; costoReal: Decimal | null; }'. Did you mean 'condominioId'?
src/services/seguimiento/SeguimientoCompletoService.ts(132,23): error TS2551: Property 'usuario' does not exist on type '{ unidad: string; id: string; condominioId: string; estado: EstadoCaso; metadata: JsonValue; usuarioId: string; fechaCreacion: Date; tipo: TipoCaso; ... 19 more ...; costoReal: Decimal | null; }'. Did you mean 'usuarioId'?
src/services/seguimiento/SeguimientoCompletoService.ts(155,11): error TS2322: Type '{ casoId: string; descripcion: string; metadata: { tipo: string; tecnicoId: any; telefono: any; }; }' is not assignable to type '(Without<TimelineEventoCreateInput, TimelineEventoUncheckedCreateInput> & TimelineEventoUncheckedCreateInput) | (Without<...> & TimelineEventoCreateInput)'.
  Type '{ casoId: string; descripcion: string; metadata: { tipo: string; tecnicoId: any; telefono: any; }; }' is not assignable to type 'Without<TimelineEventoCreateInput, TimelineEventoUncheckedCreateInput> & TimelineEventoUncheckedCreateInput'.
    Type '{ casoId: string; descripcion: string; metadata: { tipo: string; tecnicoId: any; telefono: any; }; }' is missing the following properties from type 'TimelineEventoUncheckedCreateInput': tipoEvento, titulo
src/services/seguimiento/SeguimientoCompletoService.ts(197,11): error TS2820: Type '"programada"' is not assignable to type 'EnumEstadoCitaFilter<"Cita"> | EstadoCita | undefined'. Did you mean '"reprogramada"'?
src/services/seguimiento/SeguimientoCompletoService.ts(213,27): error TS2339: Property 'caso' does not exist on type '{ id: string; estado: EstadoCita; notas: string | null; fechaCreacion: Date; casoId: string; fecha: Date; solucionado: boolean | null; bloqueHorarioId: string; tecnicoId: string | null; ... 7 more ...; fechaCompletada: Date | null; }'.
src/services/seguimiento/SeguimientoCompletoService.ts(218,40): error TS2339: Property 'fechaHora' does not exist on type '{ id: string; estado: EstadoCita; notas: string | null; fechaCreacion: Date; casoId: string; fecha: Date; solucionado: boolean | null; bloqueHorarioId: string; tecnicoId: string | null; ... 7 more ...; fechaCompletada: Date | null; }'.
src/services/seguimiento/SeguimientoCompletoService.ts(260,11): error TS2820: Type '"programada"' is not assignable to type 'EnumEstadoCitaFilter<"Cita"> | EstadoCita | undefined'. Did you mean '"reprogramada"'?
src/services/seguimiento/SeguimientoCompletoService.ts(278,27): error TS2339: Property 'caso' does not exist on type '{ id: string; estado: EstadoCita; notas: string | null; fechaCreacion: Date; casoId: string; fecha: Date; solucionado: boolean | null; bloqueHorarioId: string; tecnicoId: string | null; ... 7 more ...; fechaCompletada: Date | null; }'.
src/services/seguimiento/SeguimientoCompletoService.ts(302,19): error TS2322: Type '"esperando_confirmacion"' is not assignable to type 'EstadoCita | EnumEstadoCitaFieldUpdateOperationsInput | undefined'.
src/services/seguimiento/SeguimientoCompletoService.ts(340,21): error TS2322: Type '"esperando_confirmacion"' is not assignable to type 'EnumEstadoCitaFilter<"Cita"> | EstadoCita | undefined'.
src/services/seguimiento/SeguimientoCompletoService.ts(345,22): error TS2322: Type '"esperando_confirmacion"' is not assignable to type 'EnumEstadoCitaFilter<"Cita"> | EstadoCita | undefined'.
src/services/seguimiento/SeguimientoCompletoService.ts(346,24): error TS2353: Object literal may only specify known properties, and 'fechaHora' does not exist in type 'CitaOrderByWithRelationInput | CitaOrderByWithRelationInput[]'.
src/services/seguimiento/SeguimientoCompletoService.ts(354,26): error TS2339: Property 'citas' does not exist on type '{ unidad: string; id: string; condominioId: string; estado: EstadoCaso; metadata: JsonValue; usuarioId: string; fechaCreacion: Date; tipo: TipoCaso; ... 19 more ...; costoReal: Decimal | null; }'.
src/services/seguimiento/SeguimientoCompletoService.ts(359,25): error TS2339: Property 'citas' does not exist on type '{ unidad: string; id: string; condominioId: string; estado: EstadoCaso; metadata: JsonValue; usuarioId: string; fechaCreacion: Date; tipo: TipoCaso; ... 19 more ...; costoReal: Decimal | null; }'.
src/services/seguimiento/SeguimientoCompletoService.ts(401,11): error TS2561: Object literal may only specify known properties, but 'fechaCompletado' does not exist in type '(Without<CitaUpdateInput, CitaUncheckedUpdateInput> & CitaUncheckedUpdateInput) | (Without<...> & CitaUpdateInput)'. Did you mean to write 'fechaCompletada'?
src/services/seguimiento/SeguimientoCompletoService.ts(416,9): error TS2322: Type '{ casoId: string; descripcion: string; metadata: { tipo: string; origen: string; }; }' is not assignable to type '(Without<TimelineEventoCreateInput, TimelineEventoUncheckedCreateInput> & TimelineEventoUncheckedCreateInput) | (Without<...> & TimelineEventoCreateInput)'.
  Type '{ casoId: string; descripcion: string; metadata: { tipo: string; origen: string; }; }' is not assignable to type 'Without<TimelineEventoCreateInput, TimelineEventoUncheckedCreateInput> & TimelineEventoUncheckedCreateInput'.
    Type '{ casoId: string; descripcion: string; metadata: { tipo: string; origen: string; }; }' is missing the following properties from type 'TimelineEventoUncheckedCreateInput': tipoEvento, titulo
src/services/seguimiento/SeguimientoCompletoService.ts(479,9): error TS2322: Type '{ casoId: string; descripcion: string; metadata: { tipo: string; citaId: string; }; }' is not assignable to type '(Without<TimelineEventoCreateInput, TimelineEventoUncheckedCreateInput> & TimelineEventoUncheckedCreateInput) | (Without<...> & TimelineEventoCreateInput)'.
  Type '{ casoId: string; descripcion: string; metadata: { tipo: string; citaId: string; }; }' is not assignable to type 'Without<TimelineEventoCreateInput, TimelineEventoUncheckedCreateInput> & TimelineEventoUncheckedCreateInput'.
    Type '{ casoId: string; descripcion: string; metadata: { tipo: string; citaId: string; }; }' is missing the following properties from type 'TimelineEventoUncheckedCreateInput': tipoEvento, titulo
src/services/seguimiento/SeguimientoCompletoService.ts(552,9): error TS2322: Type '{ casoId: string; descripcion: string; metadata: { tipo: string; citaAnteriorId: string; }; }' is not assignable to type '(Without<TimelineEventoCreateInput, TimelineEventoUncheckedCreateInput> & TimelineEventoUncheckedCreateInput) | (Without<...> & TimelineEventoCreateInput)'.
  Type '{ casoId: string; descripcion: string; metadata: { tipo: string; citaAnteriorId: string; }; }' is not assignable to type 'Without<TimelineEventoCreateInput, TimelineEventoUncheckedCreateInput> & TimelineEventoUncheckedCreateInput'.
    Type '{ casoId: string; descripcion: string; metadata: { tipo: string; citaAnteriorId: string; }; }' is missing the following properties from type 'TimelineEventoUncheckedCreateInput': tipoEvento, titulo
src/services/seguimiento/SeguimientoCompletoService.ts(611,11): error TS2322: Type '"esperando_confirmacion"' is not assignable to type 'EnumEstadoCitaFilter<"Cita"> | EstadoCita | undefined'.
src/services/seguimiento/SeguimientoCompletoService.ts(624,27): error TS2339: Property 'caso' does not exist on type '{ id: string; estado: EstadoCita; notas: string | null; fechaCreacion: Date; casoId: string; fecha: Date; solucionado: boolean | null; bloqueHorarioId: string; tecnicoId: string | null; ... 7 more ...; fechaCompletada: Date | null; }'.
src/services/seguridad/VisitasService.ts(69,13): error TS2353: Object literal may only specify known properties, and 'activo' does not exist in type 'VisitaFrecuenteWhereInput'.
src/services/seguridad/VisitasService.ts(75,76): error TS2339: Property 'nombre' does not exist on type '{ id: string; nombreCompleto: string; telefono: string | null; fechaVencimiento: Date | null; unidadId: string; cedula: string | null; fotoUrl: string | null; relacion: string; ... 4 more ...; horarioAutorizado: JsonValue; }'.
src/services/seguridad/VisitasService.ts(83,11): error TS2561: Object literal may only specify known properties, but 'visitanteFrecuenteId' does not exist in type 'Without<VisitaCreateInput, VisitaUncheckedCreateInput> & VisitaUncheckedCreateInput'. Did you mean to write 'visitaFrecuenteId'?
src/services/seguridad/VisitasService.ts(99,15): error TS2353: Object literal may only specify known properties, and 'propietario' does not exist in type 'UnidadInclude<DefaultArgs>'.
src/services/seguridad/VisitasService.ts(126,11): error TS2353: Object literal may only specify known properties, and 'horaSalida' does not exist in type '(Without<VisitaUpdateInput, VisitaUncheckedUpdateInput> & VisitaUncheckedUpdateInput) | (Without<...> & VisitaUpdateInput)'.
src/services/seguridad/VisitasService.ts(139,17): error TS2339: Property 'horaSalida' does not exist on type '{ id: string; telefono: string | null; condominioId: string; estado: EstadoVisita; metadata: JsonValue; fechaRegistro: Date; tipo: TipoVisita; ... 14 more ...; visitaFrecuenteId: string | null; }'.
src/services/seguridad/VisitasService.ts(139,48): error TS2339: Property 'horaEntrada' does not exist on type '{ id: string; telefono: string | null; condominioId: string; estado: EstadoVisita; metadata: JsonValue; fechaRegistro: Date; tipo: TipoVisita; ... 14 more ...; visitaFrecuenteId: string | null; }'.
src/services/seguridad/VisitasService.ts(160,11): error TS2353: Object literal may only specify known properties, and 'horaSalida' does not exist in type 'VisitaWhereInput'.
src/services/seguridad/VisitasService.ts(165,15): error TS2353: Object literal may only specify known properties, and 'propietario' does not exist in type 'UnidadInclude<DefaultArgs>'.
src/services/seguridad/VisitasService.ts(171,11): error TS2353: Object literal may only specify known properties, and 'horaEntrada' does not exist in type 'VisitaOrderByWithRelationInput | VisitaOrderByWithRelationInput[]'.
src/services/seguridad/VisitasService.ts(230,15): error TS2353: Object literal may only specify known properties, and 'propietario' does not exist in type 'UnidadInclude<DefaultArgs>'.
src/services/seguridad/VisitasService.ts(236,11): error TS2353: Object literal may only specify known properties, and 'horaEntrada' does not exist in type 'VisitaOrderByWithRelationInput | VisitaOrderByWithRelationInput[]'.
src/services/seguridad/VisitasService.ts(256,15): error TS2353: Object literal may only specify known properties, and 'cedulaVisitante' does not exist in type 'VisitaWhereInput'.
src/services/seguridad/VisitasService.ts(257,15): error TS2353: Object literal may only specify known properties, and 'vehiculoPlaca' does not exist in type 'VisitaWhereInput'.
src/services/seguridad/VisitasService.ts(264,15): error TS2353: Object literal may only specify known properties, and 'propietario' does not exist in type 'UnidadInclude<DefaultArgs>'.
src/services/seguridad/VisitasService.ts(269,11): error TS2353: Object literal may only specify known properties, and 'horaEntrada' does not exist in type 'VisitaOrderByWithRelationInput | VisitaOrderByWithRelationInput[]'.
src/services/seguridad/VisitasService.ts(297,11): error TS2353: Object literal may only specify known properties, and 'nombre' does not exist in type '(Without<VisitaFrecuenteCreateInput, VisitaFrecuenteUncheckedCreateInput> & VisitaFrecuenteUncheckedCreateInput) | (Without<...> & VisitaFrecuenteCreateInput)'.
src/services/seguridad/VisitasService.ts(308,11): error TS2353: Object literal may only specify known properties, and 'unidad' does not exist in type 'VisitaFrecuenteInclude<DefaultArgs>'.
src/services/seguridad/VisitasService.ts(328,11): error TS2353: Object literal may only specify known properties, and 'activo' does not exist in type 'VisitaFrecuenteWhereInput'.
src/services/seguridad/VisitasService.ts(331,11): error TS2353: Object literal may only specify known properties, and 'unidad' does not exist in type 'VisitaFrecuenteInclude<DefaultArgs>'.
src/services/seguridad/VisitasService.ts(339,11): error TS2353: Object literal may only specify known properties, and 'nombre' does not exist in type 'VisitaFrecuenteOrderByWithRelationInput | VisitaFrecuenteOrderByWithRelationInput[]'.
src/services/seguridad/VisitasService.ts(362,11): error TS2353: Object literal may only specify known properties, and 'activo' does not exist in type 'VisitaFrecuenteWhereInput'.
src/services/seguridad/VisitasService.ts(365,11): error TS2353: Object literal may only specify known properties, and 'unidad' does not exist in type 'VisitaFrecuenteInclude<DefaultArgs>'.
src/services/seguridad/VisitasService.ts(383,17): error TS2353: Object literal may only specify known properties, and 'activo' does not exist in type '(Without<VisitaFrecuenteUpdateInput, VisitaFrecuenteUncheckedUpdateInput> & VisitaFrecuenteUncheckedUpdateInput) | (Without<...> & VisitaFrecuenteUpdateInput)'.
src/services/seguridad/VisitasService.ts(419,11): error TS2353: Object literal may only specify known properties, and 'horaEntrada' does not exist in type 'VisitaWhereInput'.
src/services/seguridad/VisitasService.ts(430,55): error TS2339: Property 'horaSalida' does not exist on type '{ id: string; telefono: string | null; condominioId: string; estado: EstadoVisita; metadata: JsonValue; fechaRegistro: Date; tipo: TipoVisita; ... 14 more ...; visitaFrecuenteId: string | null; }'.
src/services/seguridad/VisitasService.ts(431,58): error TS2339: Property 'vehiculoPlaca' does not exist on type '{ id: string; telefono: string | null; condominioId: string; estado: EstadoVisita; metadata: JsonValue; fechaRegistro: Date; tipo: TipoVisita; ... 14 more ...; visitaFrecuenteId: string | null; }'.
src/services/seguridad/VisitasService.ts(436,37): error TS2551: Property 'unidad' does not exist on type '{ id: string; telefono: string | null; condominioId: string; estado: EstadoVisita; metadata: JsonValue; fechaRegistro: Date; tipo: TipoVisita; ... 14 more ...; visitaFrecuenteId: string | null; }'. Did you mean 'unidadId'?
src/services/seguridad/VisitasService.ts(478,11): error TS2353: Object literal may only specify known properties, and 'horaEntrada' does not exist in type 'VisitaWhereInput'.
src/services/seguridad/VisitasService.ts(494,56): error TS2339: Property 'horaSalida' does not exist on type '{ id: string; telefono: string | null; condominioId: string; estado: EstadoVisita; metadata: JsonValue; fechaRegistro: Date; tipo: TipoVisita; ... 14 more ...; visitaFrecuenteId: string | null; }'.
src/services/seguridad/VisitasService.ts(498,19): error TS2339: Property 'horaSalida' does not exist on type '{ id: string; telefono: string | null; condominioId: string; estado: EstadoVisita; metadata: JsonValue; fechaRegistro: Date; tipo: TipoVisita; ... 14 more ...; visitaFrecuenteId: string | null; }'.
src/services/seguridad/VisitasService.ts(498,50): error TS2339: Property 'horaEntrada' does not exist on type '{ id: string; telefono: string | null; condominioId: string; estado: EstadoVisita; metadata: JsonValue; fechaRegistro: Date; tipo: TipoVisita; ... 14 more ...; visitaFrecuenteId: string | null; }'.
src/services/seguridad/VisitasService.ts(521,39): error TS2339: Property 'horaEntrada' does not exist on type '{ id: string; telefono: string | null; condominioId: string; estado: EstadoVisita; metadata: JsonValue; fechaRegistro: Date; tipo: TipoVisita; ... 14 more ...; visitaFrecuenteId: string | null; }'.
src/services/seguridad/VisitasService.ts(532,29): error TS2339: Property 'horaEntrada' does not exist on type '{ id: string; telefono: string | null; condominioId: string; estado: EstadoVisita; metadata: JsonValue; fechaRegistro: Date; tipo: TipoVisita; ... 14 more ...; visitaFrecuenteId: string | null; }'.
src/services/seguridad/VisitasService.ts(573,11): error TS2353: Object literal may only specify known properties, and 'horaSalida' does not exist in type 'VisitaWhereInput'.
src/services/seguridad/VisitasService.ts(585,32): error TS2339: Property 'horaEntrada' does not exist on type '{ id: string; telefono: string | null; condominioId: string; estado: EstadoVisita; metadata: JsonValue; fechaRegistro: Date; tipo: TipoVisita; ... 14 more ...; visitaFrecuenteId: string | null; }'.
src/services/seguridad/VisitasService.ts(589,51): error TS2551: Property 'unidad' does not exist on type '{ id: string; telefono: string | null; condominioId: string; estado: EstadoVisita; metadata: JsonValue; fechaRegistro: Date; tipo: TipoVisita; ... 14 more ...; visitaFrecuenteId: string | null; }'. Did you mean 'unidadId'?
src/services/seguridad/VisitasService.ts(598,9): error TS2322: Type '"visitanteFrecuenteId"[]' is not assignable to type 'VisitaScalarFieldEnum | VisitaScalarFieldEnum[]'.
  Type '"visitanteFrecuenteId"[]' is not assignable to type 'VisitaScalarFieldEnum[]'.
    Type '"visitanteFrecuenteId"' is not assignable to type 'VisitaScalarFieldEnum'. Did you mean '"visitaFrecuenteId"'?
src/services/seguridad/VisitasService.ts(601,11): error TS2561: Object literal may only specify known properties, but 'visitanteFrecuenteId' does not exist in type 'VisitaWhereInput'. Did you mean to write 'visitaFrecuenteId'?
src/services/seguridad/VisitasService.ts(620,30): error TS2551: Property 'visitanteFrecuenteId' does not exist on type 'PickEnumerable<VisitaGroupByOutputType, VisitaScalarFieldEnum | VisitaScalarFieldEnum[]> & { ...; }'. Did you mean 'visitaFrecuenteId'?
src/services/seguridad/VisitasService.ts(621,22): error TS2353: Object literal may only specify known properties, and 'unidad' does not exist in type 'VisitaFrecuenteInclude<DefaultArgs>'.
src/services/seguridad/VisitasService.ts(627,39): error TS2339: Property 'nombre' does not exist on type '{ id: string; nombreCompleto: string; telefono: string | null; fechaVencimiento: Date | null; unidadId: string; cedula: string | null; fotoUrl: string | null; relacion: string; ... 4 more ...; horarioAutorizado: JsonValue; }'.
src/services/seguridad/VisitasService.ts(627,61): error TS18048: 'grupo._count' is possibly 'undefined'.
src/services/seguridad/VisitasService.ts(627,74): error TS2339: Property 'id' does not exist on type 'true | { id?: number | undefined; condominioId?: number | undefined; unidadId?: number | undefined; nombreVisitante?: number | undefined; cedula?: number | undefined; telefono?: number | undefined; ... 16 more ...; _all?: number | undefined; }'.
  Property 'id' does not exist on type 'true'.
src/services/seguridad/VisitasService.ts(628,29): error TS2551: Property 'visitanteFrecuenteId' does not exist on type 'PickEnumerable<VisitaGroupByOutputType, VisitaScalarFieldEnum | VisitaScalarFieldEnum[]> & { ...; }'. Did you mean 'visitaFrecuenteId'?
